Argentina
Australia
Brazil
Bulgaria
Canada
China
Croatia
Czechia
Ecuador
Egypt
Estonia
Finland
France
Germany
Great Britain
Greece
Hong Kong
Hungary
India
Indonesia
Iran
Italy
Japan
Kazakhstan
Latvia
Lithuania
Mexico
Norway
Panama
Peru
Philippines
Poland
Portugal
Romania
Russian Federation
Serbia
Singapore
Slovakia
Spain
Sweden
Taiwan
Turkey
Ukraine
United States of America
Uruguay
Uzbekistan
Venezuela
