Nick Pulovski in The Rookie (1990)
John Wilson in White Hunter Black Heart (1990)
Bill Munny in Unforgiven (1992)
Red Garnett in A Perfect World (1993)
Frank Horrigan in In the Line of Fire (1993)
Robert Kincaid in The Bridges of Madison County (1995)
Luther Whitney in Absolute Power (1997)
Steve Everett in True Crime (1999)
Frank Corvin in Space Cowboys (2000)
Terry McCaleb in Blood Work (2002)
Frankie Dunn in Million Dollar Baby (2004)
Harry Callahan in Mr. Warmth: The Don Rickles Project (2007)
Private Kelly in Mr. Warmth: The Don Rickles Project (2007)
Self in Mr. Warmth: The Don Rickles Project (2007)
Walt Kowalski in Gran Torino (2008)
Gus in Trouble with the Curve (2012)
Self in Tab Hunter Confidential (2015)
Earl Stone in The Mule (2018)
Mike Milo in Cry Macho (2021)
