Jack Irish: Black Tide (2012)
Guy Pearce plays Jack Irish
Marta Dusseldorp plays Linda Hillier
Aaron Pedersen plays Cam Delroy
Roy Billing plays Harry Strang
Jeffrey Walker: director
Matt Cameron: writer
Peter Temple: writer
Ian Collie: producer
Harry James Angus: composer
Martin McGrath: cinematographer
